Archive member included to satisfy reference by file (symbol)

C:/ST/STM32CubeIDE_1.12.0/STM32CubeIDE/plugins/com.st.stm32cube.ide.mcu.externaltools.gnu-tools-for-stm32.11.3.rel1.win32_1.1.1.202309131626/tools/bin/../lib/gcc/arm-none-eabi/11.3.1/../../../../arm-none-eabi/lib/thumb/v7e-m+fp/hard\libc_nano.a(libc_a-exit.o)
                              C:/ST/STM32CubeIDE_1.12.0/STM32CubeIDE/plugins/com.st.stm32cube.ide.mcu.externaltools.gnu-tools-for-stm32.11.3.rel1.win32_1.1.1.202309131626/tools/bin/../lib/gcc/arm-none-eabi/11.3.1/../../../../arm-none-eabi/lib/thumb/v7e-m+fp/hard/crt0.o (exit)
C:/ST/STM32CubeIDE_1.12.0/STM32CubeIDE/plugins/com.st.stm32cube.ide.mcu.externaltools.gnu-tools-for-stm32.11.3.rel1.win32_1.1.1.202309131626/tools/bin/../lib/gcc/arm-none-eabi/11.3.1/../../../../arm-none-eabi/lib/thumb/v7e-m+fp/hard\libc_nano.a(libc_a-findfp.o)
                              C:/ST/STM32CubeIDE_1.12.0/STM32CubeIDE/plugins/com.st.stm32cube.ide.mcu.externaltools.gnu-tools-for-stm32.11.3.rel1.win32_1.1.1.202309131626/tools/bin/../lib/gcc/arm-none-eabi/11.3.1/../../../../arm-none-eabi/lib/thumb/v7e-m+fp/hard\libc_nano.a(libc_a-exit.o) (__stdio_exit_handler)
C:/ST/STM32CubeIDE_1.12.0/STM32CubeIDE/plugins/com.st.stm32cube.ide.mcu.externaltools.gnu-tools-for-stm32.11.3.rel1.win32_1.1.1.202309131626/tools/bin/../lib/gcc/arm-none-eabi/11.3.1/../../../../arm-none-eabi/lib/thumb/v7e-m+fp/hard\libc_nano.a(libc_a-fwalk.o)
                              C:/ST/STM32CubeIDE_1.12.0/STM32CubeIDE/plugins/com.st.stm32cube.ide.mcu.externaltools.gnu-tools-for-stm32.11.3.rel1.win32_1.1.1.202309131626/tools/bin/../lib/gcc/arm-none-eabi/11.3.1/../../../../arm-none-eabi/lib/thumb/v7e-m+fp/hard\libc_nano.a(libc_a-findfp.o) (_fwalk_sglue)
C:/ST/STM32CubeIDE_1.12.0/STM32CubeIDE/plugins/com.st.stm32cube.ide.mcu.externaltools.gnu-tools-for-stm32.11.3.rel1.win32_1.1.1.202309131626/tools/bin/../lib/gcc/arm-none-eabi/11.3.1/../../../../arm-none-eabi/lib/thumb/v7e-m+fp/hard\libc_nano.a(libc_a-stdio.o)
                              C:/ST/STM32CubeIDE_1.12.0/STM32CubeIDE/plugins/com.st.stm32cube.ide.mcu.externaltools.gnu-tools-for-stm32.11.3.rel1.win32_1.1.1.202309131626/tools/bin/../lib/gcc/arm-none-eabi/11.3.1/../../../../arm-none-eabi/lib/thumb/v7e-m+fp/hard\libc_nano.a(libc_a-findfp.o) (__sread)
C:/ST/STM32CubeIDE_1.12.0/STM32CubeIDE/plugins/com.st.stm32cube.ide.mcu.externaltools.gnu-tools-for-stm32.11.3.rel1.win32_1.1.1.202309131626/tools/bin/../lib/gcc/arm-none-eabi/11.3.1/../../../../arm-none-eabi/lib/thumb/v7e-m+fp/hard\libc_nano.a(libc_a-memset.o)
                              C:/ST/STM32CubeIDE_1.12.0/STM32CubeIDE/plugins/com.st.stm32cube.ide.mcu.externaltools.gnu-tools-for-stm32.11.3.rel1.win32_1.1.1.202309131626/tools/bin/../lib/gcc/arm-none-eabi/11.3.1/../../../../arm-none-eabi/lib/thumb/v7e-m+fp/hard/crt0.o (memset)
C:/ST/STM32CubeIDE_1.12.0/STM32CubeIDE/plugins/com.st.stm32cube.ide.mcu.externaltools.gnu-tools-for-stm32.11.3.rel1.win32_1.1.1.202309131626/tools/bin/../lib/gcc/arm-none-eabi/11.3.1/../../../../arm-none-eabi/lib/thumb/v7e-m+fp/hard\libc_nano.a(libc_a-closer.o)
                              C:/ST/STM32CubeIDE_1.12.0/STM32CubeIDE/plugins/com.st.stm32cube.ide.mcu.externaltools.gnu-tools-for-stm32.11.3.rel1.win32_1.1.1.202309131626/tools/bin/../lib/gcc/arm-none-eabi/11.3.1/../../../../arm-none-eabi/lib/thumb/v7e-m+fp/hard\libc_nano.a(libc_a-stdio.o) (_close_r)
C:/ST/STM32CubeIDE_1.12.0/STM32CubeIDE/plugins/com.st.stm32cube.ide.mcu.externaltools.gnu-tools-for-stm32.11.3.rel1.win32_1.1.1.202309131626/tools/bin/../lib/gcc/arm-none-eabi/11.3.1/../../../../arm-none-eabi/lib/thumb/v7e-m+fp/hard\libc_nano.a(libc_a-reent.o)
                              C:/ST/STM32CubeIDE_1.12.0/STM32CubeIDE/plugins/com.st.stm32cube.ide.mcu.externaltools.gnu-tools-for-stm32.11.3.rel1.win32_1.1.1.202309131626/tools/bin/../lib/gcc/arm-none-eabi/11.3.1/../../../../arm-none-eabi/lib/thumb/v7e-m+fp/hard\libc_nano.a(libc_a-closer.o) (errno)
C:/ST/STM32CubeIDE_1.12.0/STM32CubeIDE/plugins/com.st.stm32cube.ide.mcu.externaltools.gnu-tools-for-stm32.11.3.rel1.win32_1.1.1.202309131626/tools/bin/../lib/gcc/arm-none-eabi/11.3.1/../../../../arm-none-eabi/lib/thumb/v7e-m+fp/hard\libc_nano.a(libc_a-impure.o)
                              C:/ST/STM32CubeIDE_1.12.0/STM32CubeIDE/plugins/com.st.stm32cube.ide.mcu.externaltools.gnu-tools-for-stm32.11.3.rel1.win32_1.1.1.202309131626/tools/bin/../lib/gcc/arm-none-eabi/11.3.1/../../../../arm-none-eabi/lib/thumb/v7e-m+fp/hard\libc_nano.a(libc_a-reent.o) (_impure_ptr)
C:/ST/STM32CubeIDE_1.12.0/STM32CubeIDE/plugins/com.st.stm32cube.ide.mcu.externaltools.gnu-tools-for-stm32.11.3.rel1.win32_1.1.1.202309131626/tools/bin/../lib/gcc/arm-none-eabi/11.3.1/../../../../arm-none-eabi/lib/thumb/v7e-m+fp/hard\libc_nano.a(libc_a-lseekr.o)
[...]
Memory Configuration

Name             Origin             Length             Attributes
CCMRAM           0x0000000010000000 0x0000000000010000 xrw
RAM              0x0000000020000000 0x0000000000030000 xrw
FLASH            0x0000000008000000 0x0000000000200000 xr
*default*        0x0000000000000000 0xffffffffffffffff

Linker script and memory map

LOAD C:/ST/STM32CubeIDE_1.12.0/STM32CubeIDE/plugins/com.st.stm32cube.ide.mcu.externaltools.gnu-tools-for-stm32.11.3.rel1.win32_1.1.1.202309131626/tools/bin/../lib/gcc/arm-none-eabi/11.3.1/thumb/v7e-m+fp/hard/crti.o
LOAD C:/ST/STM32CubeIDE_1.12.0/STM32CubeIDE/plugins/com.st.stm32cube.ide.mcu.externaltools.gnu-tools-for-stm32.11.3.rel1.win32_1.1.1.202309131626/tools/bin/../lib/gcc/arm-none-eabi/11.3.1/thumb/v7e-m+fp/hard/crtbegin.o
LOAD C:/ST/STM32CubeIDE_1.12.0/STM32CubeIDE/plugins/com.st.stm32cube.ide.mcu.externaltools.gnu-tools-for-stm32.11.3.rel1.win32_1.1.1.202309131626/tools/bin/../lib/gcc/arm-none-eabi/11.3.1/../../../../arm-none-eabi/lib/thumb/v7e-m+fp/hard/crt0.o
LOAD ./Core/Src/dma.o
LOAD ./Core/Src/eth.o
LOAD ./Core/Src/gpio.o
LOAD ./Core/Src/main.o
LOAD ./Core/Src/mcp39f511n.o
LOAD ./Core/Src/power_measurement.o
LOAD ./Core/Src/stm32f4xx_hal_msp.o
LOAD ./Core/Src/stm32f4xx_it.o
LOAD ./Core/Src/syscalls.o
LOAD ./Core/Src/sysmem.o
LOAD ./Core/Src/system_stm32f4xx.o
LOAD ./Core/Src/usart.o
LOAD ./Core/Src/usb_otg.o
LOAD ./Core/Startup/startup_stm32f429zitx.o
LOAD ./Drivers/STM32F4xx_HAL_Driver/Src/stm32f4xx_hal.o
LOAD ./Drivers/STM32F4xx_HAL_Driver/Src/stm32f4xx_hal_cortex.o
LOAD ./Drivers/STM32F4xx_HAL_Driver/Src/stm32f4xx_hal_dma.o
LOAD ./Drivers/STM32F4xx_HAL_Driver/Src/stm32f4xx_hal_dma_ex.o
LOAD ./Drivers/STM32F4xx_HAL_Driver/Src/stm32f4xx_hal_eth.o
LOAD ./Drivers/STM32F4xx_HAL_Driver/Src/stm32f4xx_hal_exti.o
LOAD ./Drivers/STM32F4xx_HAL_Driver/Src/stm32f4xx_hal_flash.o
LOAD ./Drivers/STM32F4xx_HAL_Driver/Src/stm32f4xx_hal_flash_ex.o
LOAD ./Drivers/STM32F4xx_HAL_Driver/Src/stm32f4xx_hal_flash_ramfunc.o
LOAD ./Drivers/STM32F4xx_HAL_Driver/Src/stm32f4xx_hal_gpio.o
LOAD ./Drivers/STM32F4xx_HAL_Driver/Src/stm32f4xx_hal_pcd.o
LOAD ./Drivers/STM32F4xx_HAL_Driver/Src/stm32f4xx_hal_pcd_ex.o
LOAD ./Drivers/STM32F4xx_HAL_Driver/Src/stm32f4xx_hal_pwr.o
LOAD ./Drivers/STM32F4xx_HAL_Driver/Src/stm32f4xx_hal_pwr_ex.o
LOAD ./Drivers/STM32F4xx_HAL_Driver/Src/stm32f4xx_hal_rcc.o
LOAD ./Drivers/STM32F4xx_HAL_Driver/Src/stm32f4xx_hal_rcc_ex.o
LOAD ./Drivers/STM32F4xx_HAL_Driver/Src/stm32f4xx_hal_tim.o
LOAD ./Drivers/STM32F4xx_HAL_Driver/Src/stm32f4xx_hal_tim_ex.o
LOAD ./Drivers/STM32F4xx_HAL_Driver/Src/stm32f4xx_hal_uart.o
LOAD ./Drivers/STM32F4xx_HAL_Driver/Src/stm32f4xx_ll_usb.o
START GROUP
LOAD C:/ST/STM32CubeIDE_1.12.0/STM32CubeIDE/plugins/com.st.stm32cube.ide.mcu.externaltools.gnu-tools-for-stm32.11.3.rel1.win32_1.1.1.202309131626/tools/bin/../lib/gcc/arm-none-eabi/11.3.1/../../../../arm-none-eabi/lib/thumb/v7e-m+fp/hard\libc_nano.a
LOAD C:/ST/STM32CubeIDE_1.12.0/STM32CubeIDE/plugins/com.st.stm32cube.ide.mcu.externaltools.gnu-tools-for-stm32.11.3.rel1.win32_1.1.1.202309131626/tools/bin/../lib/gcc/arm-none-eabi/11.3.1/../../../../arm-none-eabi/lib/thumb/v7e-m+fp/hard\libm.a
END GROUP
START GROUP
LOAD C:/ST/STM32CubeIDE_1.12.0/STM32CubeIDE/plugins/com.st.stm32cube.ide.mcu.externaltools.gnu-tools-for-stm32.11.3.rel1.win32_1.1.1.202309131626/tools/bin/../lib/gcc/arm-none-eabi/11.3.1/thumb/v7e-m+fp/hard\libgcc.a
LOAD C:/ST/STM32CubeIDE_1.12.0/STM32CubeIDE/plugins/com.st.stm32cube.ide.mcu.externaltools.gnu-tools-for-stm32.11.3.rel1.win32_1.1.1.202309131626/tools/bin/../lib/gcc/arm-none-eabi/11.3.1/../../../../arm-none-eabi/lib/thumb/v7e-m+fp/hard\libc_nano.a
END GROUP
START GROUP
LOAD C:/ST/STM32CubeIDE_1.12.0/STM32CubeIDE/plugins/com.st.stm32cube.ide.mcu.externaltools.gnu-tools-for-stm32.11.3.rel1.win32_1.1.1.202309131626/tools/bin/../lib/gcc/arm-none-eabi/11.3.1/thumb/v7e-m+fp/hard\libgcc.a
LOAD C:/ST/STM32CubeIDE_1.12.0/STM32CubeIDE/plugins/com.st.stm32cube.ide.mcu.externaltools.gnu-tools-for-stm32.11.3.rel1.win32_1.1.1.202309131626/tools/bin/../lib/gcc/arm-none-eabi/11.3.1/../../../../arm-none-eabi/lib/thumb/v7e-m+fp/hard\libc_nano.a
LOAD C:/ST/STM32CubeIDE_1.12.0/STM32CubeIDE/plugins/com.st.stm32cube.ide.mcu.externaltools.gnu-tools-for-stm32.11.3.rel1.win32_1.1.1.202309131626/tools/bin/../lib/gcc/arm-none-eabi/11.3.1/../../../../arm-none-eabi/lib/thumb/v7e-m+fp/hard\libnosys.a
END GROUP
START GROUP
LOAD C:/ST/STM32CubeIDE_1.12.0/STM32CubeIDE/plugins/com.st.stm32cube.ide.mcu.externaltools.gnu-tools-for-stm32.11.3.rel1.win32_1.1.1.202309131626/tools/bin/../lib/gcc/arm-none-eabi/11.3.1/thumb/v7e-m+fp/hard\libgcc.a
LOAD C:/ST/STM32CubeIDE_1.12.0/STM32CubeIDE/plugins/com.st.stm32cube.ide.mcu.externaltools.gnu-tools-for-stm32.11.3.rel1.win32_1.1.1.202309131626/tools/bin/../lib/gcc/arm-none-eabi/11.3.1/../../../../arm-none-eabi/lib/thumb/v7e-m+fp/hard\libc_nano.a
LOAD C:/ST/STM32CubeIDE_1.12.0/STM32CubeIDE/plugins/com.st.stm32cube.ide.mcu.externaltools.gnu-tools-for-stm32.11.3.rel1.win32_1.1.1.202309131626/tools/bin/../lib/gcc/arm-none-eabi/11.3.1/../../../../arm-none-eabi/lib/thumb/v7e-m+fp/hard\libnosys.a
END GROUP
LOAD C:/ST/STM32CubeIDE_1.12.0/STM32CubeIDE/plugins/com.st.stm32cube.ide.mcu.externaltools.gnu-tools-for-stm32.11.3.rel1.win32_1.1.1.202309131626/tools/bin/../lib/gcc/arm-none-eabi/11.3.1/thumb/v7e-m+fp/hard/crtend.o
LOAD C:/ST/STM32CubeIDE_1.12.0/STM32CubeIDE/plugins/com.st.stm32cube.ide.mcu.externaltools.gnu-tools-for-stm32.11.3.rel1.win32_1.1.1.202309131626/tools/bin/../lib/gcc/arm-none-eabi/11.3.1/thumb/v7e-m+fp/hard/crtn.o
                0x0000000020030000                _estack = (ORIGIN (RAM) + LENGTH (RAM))
                0x0000000000000200                _Min_Heap_Size = 0x200
                0x0000000000000400                _Min_Stack_Size = 0x400

.isr_vector     0x0000000008000000      0x1ac
                0x0000000008000000                . = ALIGN (0x4)
 *(.isr_vector)
 .isr_vector    0x0000000008000000      0x1ac ./Core/Startup/startup_stm32f429zitx.o
                0x0000000008000000                g_pfnVectors
                0x00000000080001ac                . = ALIGN (0x4)

.text           0x00000000080001ac     0x51f8
                0x00000000080001ac                . = ALIGN (0x4)
 *(.text)
 .text          0x00000000080001ac       0x40 C:/ST/STM32CubeIDE_1.12.0/STM32CubeIDE/plugins/com.st.stm32cube.ide.mcu.externaltools.gnu-tools-for-stm32.11.3.rel1.win32_1.1.1.202309131626/tools/bin/../lib/gcc/arm-none-eabi/11.3.1/thumb/v7e-m+fp/hard/crtbegin.o
 .text          0x00000000080001ec       0x30 C:/ST/STM32CubeIDE_1.12.0/STM32CubeIDE/plugins/com.st.stm32cube.ide.mcu.externaltools.gnu-tools-for-stm32.11.3.rel1.win32_1.1.1.202309131626/tools/bin/../lib/gcc/arm-none-eabi/11.3.1/thumb/v7e-m+fp/hard\libgcc.a(_aeabi_uldivmod.o)
                0x00000000080001ec                __aeabi_uldivmod
 .text          0x000000000800021c      0x2c8 C:/ST/STM32CubeIDE_1.12.0/STM32CubeIDE/plugins/com.st.stm32cube.ide.mcu.externaltools.gnu-tools-for-stm32.11.3.rel1.win32_1.1.1.202309131626/tools/bin/../lib/gcc/arm-none-eabi/11.3.1/thumb/v7e-m+fp/hard\libgcc.a(_udivmoddi4.o)
                0x000000000800021c                __udivmoddi4
 .text          0x00000000080004e4        0x4 C:/ST/STM32CubeIDE_1.12.0/STM32CubeIDE/plugins/com.st.stm32cube.ide.mcu.externaltools.gnu-tools-for-stm32.11.3.rel1.win32_1.1.1.202309131626/tools/bin/../lib/gcc/arm-none-eabi/11.3.1/thumb/v7e-m+fp/hard\libgcc.a(_dvmd_tls.o)
                0x00000000080004e4                __aeabi_idiv0
                0x00000000080004e4                __aeabi_ldiv0
 *(.text*)
 .text.MX_DMA_Init
                0x00000000080004e8       0x34 ./Core/Src/dma.o
                0x00000000080004e8                MX_DMA_Init
 .text.MX_ETH_Init
                0x000000000800051c       0x9c ./Core/Src/eth.o
                0x000000000800051c                MX_ETH_Init
 .text.HAL_ETH_MspInit
                0x00000000080005b8      0x18c ./Core/Src/eth.o
                0x00000000080005b8                HAL_ETH_MspInit
 .text.MX_GPIO_Init
                0x0000000008000744      0x15c ./Core/Src/gpio.o
                0x0000000008000744                MX_GPIO_Init
 .text.main     0x00000000080008a0       0x48 ./Core/Src/main.o
                0x00000000080008a0                main
 .text.SystemClock_Config
                0x00000000080008e8       0xd4 ./Core/Src/main.o
                0x00000000080008e8                SystemClock_Config
 .text.MX_NVIC_Init
                0x00000000080009bc       0x48 ./Core/Src/main.o
 .text.HAL_UARTEx_RxEventCallback
                0x0000000008000a04       0x1a ./Core/Src/main.o
                0x0000000008000a04                HAL_UARTEx_RxEventCallback
 .text.Error_Handler
                0x0000000008000a1e        0xa ./Core/Src/main.o
                0x0000000008000a1e                Error_Handler
 .text.PowerMonitor_Init
                0x0000000008000a28       0x1c ./Core/Src/mcp39f511n.o
                0x0000000008000a28                PowerMonitor_Init
 .text.PowerMonitor_SendData
                0x0000000008000a44       0x28 ./Core/Src/mcp39f511n.o
                0x0000000008000a44                PowerMonitor_SendData
 .text.PowerMonitor_ListenDMA
                0x0000000008000a6c       0x22 ./Core/Src/mcp39f511n.o
                0x0000000008000a6c                PowerMonitor_ListenDMA
 .text.PowerMonitor_CalculateChecksum
                0x0000000008000a8e       0x4c ./Core/Src/mcp39f511n.o
                0x0000000008000a8e                PowerMonitor_CalculateChecksum
 .text.PowerMonitor_ReadData
                0x0000000008000ada       0x88 ./Core/Src/mcp39f511n.o
                0x0000000008000ada                PowerMonitor_ReadData
 *fill*         0x0000000008000b62        0x2 
 .text.PowerMonitor_ParseBasics
                0x0000000008000b64      0x130 ./Core/Src/mcp39f511n.o
                0x0000000008000b64                PowerMonitor_ParseBasics
 .text.PowerMonitor_ParsePowers
                0x0000000008000c94      0x13c ./Core/Src/mcp39f511n.o
                0x0000000008000c94                PowerMonitor_ParsePowers
 .text.PowerMonitor_Parse
                0x0000000008000dd0      0x334 ./Core/Src/mcp39f511n.o
                0x0000000008000dd0                PowerMonitor_Parse
 .text.PowerMonitor_ReadBasics
                0x0000000008001104       0x30 ./Core/Src/mcp39f511n.o
                0x0000000008001104                PowerMonitor_ReadBasics
 .text.PowerMonitor_ReadPowers
                0x0000000008001134       0x30 ./Core/Src/mcp39f511n.o
                0x0000000008001134                PowerMonitor_ReadPowers
 .text.PowerMeasurement_Init
                0x0000000008001164       0x1c ./Core/Src/power_measurement.o
                0x0000000008001164                PowerMeasurement_Init
 .text.PowerMeasurement_Process
                0x0000000008001180      0x188 ./Core/Src/power_measurement.o
                0x0000000008001180                PowerMeasurement_Process
 .text.PowerMeasurement_RX_Callback
                0x0000000008001308       0x2c ./Core/Src/power_measurement.o
                0x0000000008001308                PowerMeasurement_RX_Callback
 .text.HAL_MspInit
                0x0000000008001334       0x50 ./Core/Src/stm32f4xx_hal_msp.o
                0x0000000008001334                HAL_MspInit
 .text.NMI_Handler
                0x0000000008001384        0x6 ./Core/Src/stm32f4xx_it.o
                0x0000000008001384                NMI_Handler
 .text.HardFault_Handler
                0x000000000800138a        0x6 ./Core/Src/stm32f4xx_it.o
                0x000000000800138a                HardFault_Handler
 .text.MemManage_Handler
                0x0000000008001390        0x6 ./Core/Src/stm32f4xx_it.o
                0x0000000008001390                MemManage_Handler
 .text.BusFault_Handler
                0x0000000008001396        0x6 ./Core/Src/stm32f4xx_it.o
                0x0000000008001396                BusFault_Handler
 .text.UsageFault_Handler
                0x000000000800139c        0x6 ./Core/Src/stm32f4xx_it.o
                0x000000000800139c                UsageFault_Handler
 .text.SVC_Handler
                0x00000000080013a2        0xe ./Core/Src/stm32f4xx_it.o
                0x00000000080013a2                SVC_Handler
 .text.DebugMon_Handler
                0x00000000080013b0        0xe ./Core/Src/stm32f4xx_it.o
                0x00000000080013b0                DebugMon_Handler
 .text.PendSV_Handler
                0x00000000080013be        0xe ./Core/Src/stm32f4xx_it.o
                0x00000000080013be                PendSV_Handler
 .text.SysTick_Handler
                0x00000000080013cc        0xc ./Core/Src/stm32f4xx_it.o
                0x00000000080013cc                SysTick_Handler
 .text.DMA1_Stream2_IRQHandler
                0x00000000080013d8       0x14 ./Core/Src/stm32f4xx_it.o
                0x00000000080013d8                DMA1_Stream2_IRQHandler
 .text.DMA1_Stream4_IRQHandler
                0x00000000080013ec       0x14 ./Core/Src/stm32f4xx_it.o
                0x00000000080013ec                DMA1_Stream4_IRQHandler
 .text.EXTI15_10_IRQHandler
                0x0000000008001400       0x10 ./Core/Src/stm32f4xx_it.o
                0x0000000008001400                EXTI15_10_IRQHandler
 .text.UART4_IRQHandler
                0x0000000008001410       0x14 ./Core/Src/stm32f4xx_it.o
                0x0000000008001410                UART4_IRQHandler
 .text.SystemInit
                0x0000000008001424       0x24 ./Core/Src/system_stm32f4xx.o
                0x0000000008001424                SystemInit
 .text.MX_UART4_Init
                0x0000000008001448       0x54 ./Core/Src/usart.o
                0x0000000008001448                MX_UART4_Init
 .text.MX_USART3_UART_Init
                0x000000000800149c       0x54 ./Core/Src/usart.o
                0x000000000800149c                MX_USART3_UART_Init
 .text.HAL_UART_MspInit
                0x00000000080014f0      0x1c8 ./Core/Src/usart.o
                0x00000000080014f0                HAL_UART_MspInit
 .text.MX_USB_OTG_FS_PCD_Init
                0x00000000080016b8       0x5c ./Core/Src/usb_otg.o
                0x00000000080016b8                MX_USB_OTG_FS_PCD_Init
 .text.HAL_PCD_MspInit
                0x0000000008001714       0xb4 ./Core/Src/usb_otg.o
                0x0000000008001714                HAL_PCD_MspInit
 .text.Reset_Handler
                0x00000000080017c8       0x50 ./Core/Startup/startup_stm32f429zitx.o
                0x00000000080017c8                Reset_Handler
 .text.Default_Handler
                0x0000000008001818        0x2 ./Core/Startup/startup_stm32f429zitx.o
                0x0000000008001818                RTC_Alarm_IRQHandler
                0x0000000008001818                HASH_RNG_IRQHandler
                0x0000000008001818                EXTI2_IRQHandler
                0x0000000008001818                TIM8_CC_IRQHandler
                0x0000000008001818                UART8_IRQHandler
                0x0000000008001818                SPI4_IRQHandler
                0x0000000008001818                TIM1_CC_IRQHandler
                0x0000000008001818                DMA2_Stream5_IRQHandler
                0x0000000008001818                DMA1_Stream5_IRQHandler
                0x0000000008001818                PVD_IRQHandler
                0x0000000008001818                SDIO_IRQHandler
                0x0000000008001818                TAMP_STAMP_IRQHandler
                0x0000000008001818                CAN2_RX1_IRQHandler
                0x0000000008001818                EXTI3_IRQHandler
                0x0000000008001818                TIM8_TRG_COM_TIM14_IRQHandler
                0x0000000008001818                TIM1_UP_TIM10_IRQHandler
                0x0000000008001818                TIM8_UP_TIM13_IRQHandler
                0x0000000008001818                I2C3_ER_IRQHandler
                0x0000000008001818                EXTI0_IRQHandler
                0x0000000008001818                I2C2_EV_IRQHandler
                0x0000000008001818                CAN1_RX0_IRQHandler
                0x0000000008001818                FPU_IRQHandler
                0x0000000008001818                OTG_HS_WKUP_IRQHandler
                0x0000000008001818                LTDC_ER_IRQHandler
                0x0000000008001818                CAN2_SCE_IRQHandler
                0x0000000008001818                DMA2_Stream2_IRQHandler
                0x0000000008001818                SPI1_IRQHandler
                0x0000000008001818                TIM6_DAC_IRQHandler
                0x0000000008001818                TIM1_BRK_TIM9_IRQHandler
                0x0000000008001818                DCMI_IRQHandler
                0x0000000008001818                CAN2_RX0_IRQHandler
                0x0000000008001818                DMA2_Stream3_IRQHandler
                0x0000000008001818                USART6_IRQHandler
                0x0000000008001818                USART3_IRQHandler
                0x0000000008001818                CAN1_RX1_IRQHandler
                0x0000000008001818                UART5_IRQHandler
                0x0000000008001818                DMA2_Stream0_IRQHandler
                0x0000000008001818                TIM4_IRQHandler
                0x0000000008001818                I2C1_EV_IRQHandler
                0x0000000008001818                DMA1_Stream6_IRQHandler
                0x0000000008001818                DMA1_Stream1_IRQHandler
                0x0000000008001818                TIM3_IRQHandler
                0x0000000008001818                RCC_IRQHandler
                0x0000000008001818                TIM8_BRK_TIM12_IRQHandler
                0x0000000008001818                Default_Handler
                0x0000000008001818                ADC_IRQHandler
                0x0000000008001818                DMA1_Stream7_IRQHandler
                0x0000000008001818                SPI5_IRQHandler
                0x0000000008001818                TIM7_IRQHandler
                0x0000000008001818                CAN2_TX_IRQHandler
                0x0000000008001818                TIM5_IRQHandler
                0x0000000008001818                DMA2_Stream7_IRQHandler
                0x0000000008001818                I2C3_EV_IRQHandler
                0x0000000008001818                EXTI9_5_IRQHandler
                0x0000000008001818                RTC_WKUP_IRQHandler
                0x0000000008001818                LTDC_IRQHandler
                0x0000000008001818                ETH_WKUP_IRQHandler
                0x0000000008001818                SPI2_IRQHandler
                0x0000000008001818                OTG_HS_EP1_IN_IRQHandler
                0x0000000008001818                DMA1_Stream0_IRQHandler
                0x0000000008001818                CAN1_TX_IRQHandler
                0x0000000008001818                EXTI4_IRQHandler
                0x0000000008001818                ETH_IRQHandler
                0x0000000008001818                OTG_HS_EP1_OUT_IRQHandler
                0x0000000008001818                WWDG_IRQHandler
                0x0000000008001818                SPI6_IRQHandler
                0x0000000008001818                TIM2_IRQHandler
                0x0000000008001818                OTG_FS_WKUP_IRQHandler
                0x0000000008001818                TIM1_TRG_COM_TIM11_IRQHandler
                0x0000000008001818                OTG_HS_IRQHandler
                0x0000000008001818                DMA2D_IRQHandler
                0x0000000008001818                EXTI1_IRQHandler
                0x0000000008001818                UART7_IRQHandler
                0x0000000008001818                USART2_IRQHandler
                0x0000000008001818                I2C2_ER_IRQHandler
                0x0000000008001818                DMA2_Stream1_IRQHandler
                0x0000000008001818                CAN1_SCE_IRQHandler
                0x0000000008001818                FLASH_IRQHandler
                0x0000000008001818                DMA2_Stream4_IRQHandler
                0x0000000008001818                USART1_IRQHandler
                0x0000000008001818                OTG_FS_IRQHandler
                0x0000000008001818                SPI3_IRQHandler
                0x0000000008001818                I2C1_ER_IRQHandler
                0x0000000008001818                FMC_IRQHandler
                0x0000000008001818                DMA2_Stream6_IRQHandler
                0x0000000008001818                SAI1_IRQHandler
                0x0000000008001818                DMA1_Stream3_IRQHandler
 *fill*         0x000000000800181a        0x2 
 .text.HAL_Init
                0x000000000800181c       0x44 ./Drivers/STM32F4xx_HAL_Driver/Src/stm32f4xx_hal.o
                0x000000000800181c                HAL_Init
 .text.HAL_InitTick
                0x0000000008001860       0x60 ./Drivers/STM32F4xx_HAL_Driver/Src/stm32f4xx_hal.o
                0x0000000008001860                HAL_InitTick
 .text.HAL_IncTick
                0x00000000080018c0       0x28 ./Drivers/STM32F4xx_HAL_Driver/Src/stm32f4xx_hal.o
                0x00000000080018c0                HAL_IncTick
 .text.HAL_GetTick
                0x00000000080018e8       0x18 ./Drivers/STM32F4xx_HAL_Driver/Src/stm32f4xx_hal.o
                0x00000000080018e8                HAL_GetTick
 .text.HAL_Delay
                0x0000000008001900       0x48 ./Drivers/STM32F4xx_HAL_Driver/Src/stm32f4xx_hal.o
                0x0000000008001900                HAL_Delay
 .text.__NVIC_SetPriorityGrouping
                0x0000000008001948       0x48 ./Drivers/STM32F4xx_HAL_Driver/Src/stm32f4xx_hal_cortex.o
 .text.__NVIC_GetPriorityGrouping
                0x0000000008001990       0x1c ./Drivers/STM32F4xx_HAL_Driver/Src/stm32f4xx_hal_cortex.o
 .text.__NVIC_EnableIRQ
                0x00000000080019ac       0x3c ./Drivers/STM32F4xx_HAL_Driver/Src/stm32f4xx_hal_cortex.o
 .text.__NVIC_SetPriority
                0x00000000080019e8       0x54 ./Drivers/STM32F4xx_HAL_Driver/Src/stm32f4xx_hal_cortex.o
 .text.NVIC_EncodePriority
                0x0000000008001a3c       0x66 ./Drivers/STM32F4xx_HAL_Driver/Src/stm32f4xx_hal_cortex.o
 *fill*         0x0000000008001aa2        0x2 
 .text.SysTick_Config
                0x0000000008001aa4       0x44 ./Drivers/STM32F4xx_HAL_Driver/Src/stm32f4xx_hal_cortex.o
 .text.HAL_NVIC_SetPriorityGrouping
                0x0000000008001ae8       0x16 ./Drivers/STM32F4xx_HAL_Driver/Src/stm32f4xx_hal_cortex.o
                0x0000000008001ae8                HAL_NVIC_SetPriorityGrouping
 .text.HAL_NVIC_SetPriority
                0x0000000008001afe       0x38 ./Drivers/STM32F4xx_HAL_Driver/Src/stm32f4xx_hal_cortex.o
                0x0000000008001afe                HAL_NVIC_SetPriority
 .text.HAL_NVIC_EnableIRQ
                0x0000000008001b36       0x1c ./Drivers/STM32F4xx_HAL_Driver/Src/stm32f4xx_hal_cortex.o
                0x0000000008001b36                HAL_NVIC_EnableIRQ
 .text.HAL_SYSTICK_Config
                0x0000000008001b52       0x18 ./Drivers/STM32F4xx_HAL_Driver/Src/stm32f4xx_hal_cortex.o
                0x0000000008001b52                HAL_SYSTICK_Config
 *fill*         0x0000000008001b6a        0x2 
 .text.HAL_DMA_Init
                0x0000000008001b6c      0x15c ./Drivers/STM32F4xx_HAL_Driver/Src/stm32f4xx_hal_dma.o
                0x0000000008001b6c                HAL_DMA_Init
 .text.HAL_DMA_Start_IT
                0x0000000008001cc8       0xb0 ./Drivers/STM32F4xx_HAL_Driver/Src/stm32f4xx_hal_dma.o
                0x0000000008001cc8                HAL_DMA_Start_IT
 .text.HAL_DMA_Abort
                0x0000000008001d78       0xe0 ./Drivers/STM32F4xx_HAL_Driver/Src/stm32f4xx_hal_dma.o
                0x0000000008001d78                HAL_DMA_Abort
 .text.HAL_DMA_Abort_IT
                0x0000000008001e58       0x44 ./Drivers/STM32F4xx_HAL_Driver/Src/stm32f4xx_hal_dma.o
                0x0000000008001e58                HAL_DMA_Abort_IT
 .text.HAL_DMA_IRQHandler
                0x0000000008001e9c      0x314 ./Drivers/STM32F4xx_HAL_Driver/Src/stm32f4xx_hal_dma.o
                0x0000000008001e9c                HAL_DMA_IRQHandler
 .text.DMA_SetConfig
                0x00000000080021b0       0x5c ./Drivers/STM32F4xx_HAL_Driver/Src/stm32f4xx_hal_dma.o
 .text.DMA_CalcBaseAndBitshift
                0x000000000800220c       0x6c ./Drivers/STM32F4xx_HAL_Driver/Src/stm32f4xx_hal_dma.o
 .text.DMA_CheckFifoParam
                0x0000000008002278       0xf8 ./Drivers/STM32F4xx_HAL_Driver/Src/stm32f4xx_hal_dma.o
 .text.HAL_ETH_Init
                0x0000000008002370       0xfc ./Drivers/STM32F4xx_HAL_Driver/Src/stm32f4xx_hal_eth.o
                0x0000000008002370                HAL_ETH_Init
 .text.ETH_SetMACConfig
                0x000000000800246c      0x160 ./Drivers/STM32F4xx_HAL_Driver/Src/stm32f4xx_hal_eth.o
 .text.ETH_SetDMAConfig
                0x00000000080025cc      0x114 ./Drivers/STM32F4xx_HAL_Driver/Src/stm32f4xx_hal_eth.o
 .text.ETH_MACDMAConfig
                0x00000000080026e0       0xe4 ./Drivers/STM32F4xx_HAL_Driver/Src/stm32f4xx_hal_eth.o
 .text.ETH_MACAddressConfig
                0x00000000080027c4       0x70 ./Drivers/STM32F4xx_HAL_Driver/Src/stm32f4xx_hal_eth.o
 .text.ETH_DMATxDescListInit
                0x0000000008002834       0xb2 ./Drivers/STM32F4xx_HAL_Driver/Src/stm32f4xx_hal_eth.o
 .text.ETH_DMARxDescListInit
                0x00000000080028e6       0xda ./Drivers/STM32F4xx_HAL_Driver/Src/stm32f4xx_hal_eth.o
 .text.HAL_GPIO_Init
                0x00000000080029c0      0x358 ./Drivers/STM32F4xx_HAL_Driver/Src/stm32f4xx_hal_gpio.o
                0x00000000080029c0                HAL_GPIO_Init
 .text.HAL_GPIO_WritePin
                0x0000000008002d18       0x32 ./Drivers/STM32F4xx_HAL_Driver/Src/stm32f4xx_hal_gpio.o
                0x0000000008002d18                HAL_GPIO_WritePin
 *fill*         0x0000000008002d4a        0x2 
 .text.HAL_GPIO_EXTI_IRQHandler
                0x0000000008002d4c       0x30 ./Drivers/STM32F4xx_HAL_Driver/Src/stm32f4xx_hal_gpio.o
                0x0000000008002d4c                HAL_GPIO_EXTI_IRQHandler
 .text.HAL_GPIO_EXTI_Callback
                0x0000000008002d7c       0x16 ./Drivers/STM32F4xx_HAL_Driver/Src/stm32f4xx_hal_gpio.o
                0x0000000008002d7c                HAL_GPIO_EXTI_Callback
 .text.HAL_PCD_Init
                0x0000000008002d92      0x23a ./Drivers/STM32F4xx_HAL_Driver/Src/stm32f4xx_hal_pcd.o
                0x0000000008002d92                HAL_PCD_Init
 .text.HAL_RCC_OscConfig
                0x0000000008002fcc      0x4f0 ./Drivers/STM32F4xx_HAL_Driver/Src/stm32f4xx_hal_rcc.o
                0x0000000008002fcc                HAL_RCC_OscConfig
 .text.HAL_RCC_ClockConfig
                0x00000000080034bc      0x1cc ./Drivers/STM32F4xx_HAL_Driver/Src/stm32f4xx_hal_rcc.o
                0x00000000080034bc                HAL_RCC_ClockConfig
 .text.HAL_RCC_GetSysClockFreq
                0x0000000008003688      0x20c ./Drivers/STM32F4xx_HAL_Driver/Src/stm32f4xx_hal_rcc.o
                0x0000000008003688                HAL_RCC_GetSysClockFreq
 .text.HAL_RCC_GetHCLKFreq
                0x0000000008003894       0x18 ./Drivers/STM32F4xx_HAL_Driver/Src/stm32f4xx_hal_rcc.o
                0x0000000008003894                HAL_RCC_GetHCLKFreq
 .text.HAL_RCC_GetPCLK1Freq
                0x00000000080038ac       0x28 ./Drivers/STM32F4xx_HAL_Driver/Src/stm32f4xx_hal_rcc.o
                0x00000000080038ac                HAL_RCC_GetPCLK1Freq
 .text.HAL_RCC_GetPCLK2Freq
                0x00000000080038d4       0x28 ./Drivers/STM32F4xx_HAL_Driver/Src/stm32f4xx_hal_rcc.o
                0x00000000080038d4                HAL_RCC_GetPCLK2Freq
 .text.HAL_UART_Init
                0x00000000080038fc       0x9a ./Drivers/STM32F4xx_HAL_Driver/Src/stm32f4xx_hal_uart.o
                0x00000000080038fc                HAL_UART_Init
 *fill*         0x0000000008003996        0x2 
 .text.HAL_UART_Transmit_DMA
                0x0000000008003998       0xfc ./Drivers/STM32F4xx_HAL_Driver/Src/stm32f4xx_hal_uart.o
                0x0000000008003998                HAL_UART_Transmit_DMA
 .text.HAL_UARTEx_ReceiveToIdle_DMA
                0x0000000008003a94       0xca ./Drivers/STM32F4xx_HAL_Driver/Src/stm32f4xx_hal_uart.o
                0x0000000008003a94                HAL_UARTEx_ReceiveToIdle_DMA
 *fill*         0x0000000008003b5e        0x2 
 .text.HAL_UART_IRQHandler
                0x0000000008003b60      0x51c ./Drivers/STM32F4xx_HAL_Driver/Src/stm32f4xx_hal_uart.o
                0x0000000008003b60                HAL_UART_IRQHandler
 .text.HAL_UART_TxCpltCallback
                0x000000000800407c       0x14 ./Drivers/STM32F4xx_HAL_Driver/Src/stm32f4xx_hal_uart.o
                0x000000000800407c                HAL_UART_TxCpltCallback
 .text.HAL_UART_TxHalfCpltCallback
                0x0000000008004090       0x14 ./Drivers/STM32F4xx_HAL_Driver/Src/stm32f4xx_hal_uart.o
                0x0000000008004090                HAL_UART_TxHalfCpltCallback
 .text.HAL_UART_RxCpltCallback
                0x00000000080040a4       0x14 ./Drivers/STM32F4xx_HAL_Driver/Src/stm32f4xx_hal_uart.o
                0x00000000080040a4                HAL_UART_RxCpltCallback
 .text.HAL_UART_RxHalfCpltCallback
                0x00000000080040b8       0x14 ./Drivers/STM32F4xx_HAL_Driver/Src/stm32f4xx_hal_uart.o
                0x00000000080040b8                HAL_UART_RxHalfCpltCallback
 .text.HAL_UART_ErrorCallback
                0x00000000080040cc       0x14 ./Drivers/STM32F4xx_HAL_Driver/Src/stm32f4xx_hal_uart.o
                0x00000000080040cc                HAL_UART_ErrorCallback
 .text.UART_DMATransmitCplt
                0x00000000080040e0       0x9a ./Drivers/STM32F4xx_HAL_Driver/Src/stm32f4xx_hal_uart.o
 .text.UART_DMATxHalfCplt
                0x000000000800417a       0x1c ./Drivers/STM32F4xx_HAL_Driver/Src/stm32f4xx_hal_uart.o
 .text.UART_DMAReceiveCplt
                0x0000000008004196      0x126 ./Drivers/STM32F4xx_HAL_Driver/Src/stm32f4xx_hal_uart.o
 .text.UART_DMARxHalfCplt
                0x00000000080042bc       0x36 ./Drivers/STM32F4xx_HAL_Driver/Src/stm32f4xx_hal_uart.o
 .text.UART_DMAError
                0x00000000080042f2       0x94 ./Drivers/STM32F4xx_HAL_Driver/Src/stm32f4xx_hal_uart.o
 *fill*         0x0000000008004386        0x2 
 .text.UART_Start_Receive_DMA
                0x0000000008004388      0x13c ./Drivers/STM32F4xx_HAL_Driver/Src/stm32f4xx_hal_uart.o
                0x0000000008004388                UART_Start_Receive_DMA
 .text.UART_EndTxTransfer
                0x00000000080044c4       0x50 ./Drivers/STM32F4xx_HAL_Driver/Src/stm32f4xx_hal_uart.o
 .text.UART_EndRxTransfer
                0x0000000008004514       0xc6 ./Drivers/STM32F4xx_HAL_Driver/Src/stm32f4xx_hal_uart.o
 .text.UART_DMAAbortOnError
                0x00000000080045da       0x28 ./Drivers/STM32F4xx_HAL_Driver/Src/stm32f4xx_hal_uart.o
 .text.UART_Transmit_IT
                0x0000000008004602       0xa0 ./Drivers/STM32F4xx_HAL_Driver/Src/stm32f4xx_hal_uart.o
 .text.UART_EndTransmit_IT
                0x00000000080046a2       0x30 ./Drivers/STM32F4xx_HAL_Driver/Src/stm32f4xx_hal_uart.o
 .text.UART_Receive_IT
                0x00000000080046d2      0x176 ./Drivers/STM32F4xx_HAL_Driver/Src/stm32f4xx_hal_uart.o
 .text.UART_SetConfig
                0x0000000008004848      0x4e8 ./Drivers/STM32F4xx_HAL_Driver/Src/stm32f4xx_hal_uart.o
 .text.USB_CoreInit
                0x0000000008004d30       0xc2 ./Drivers/STM32F4xx_HAL_Driver/Src/stm32f4xx_ll_usb.o
                0x0000000008004d30                USB_CoreInit
 .text.USB_DisableGlobalInt
                0x0000000008004df2       0x22 ./Drivers/STM32F4xx_HAL_Driver/Src/stm32f4xx_ll_usb.o
                0x0000000008004df2                USB_DisableGlobalInt
 .text.USB_SetCurrentMode
                0x0000000008004e14       0x98 ./Drivers/STM32F4xx_HAL_Driver/Src/stm32f4xx_ll_usb.o
                0x0000000008004e14                USB_SetCurrentMode
 .text.USB_DevInit
                0x0000000008004eac      0x2c8 ./Drivers/STM32F4xx_HAL_Driver/Src/stm32f4xx_ll_usb.o
                0x0000000008004eac                USB_DevInit
 .text.USB_FlushTxFifo
                0x0000000008005174       0x68 ./Drivers/STM32F4xx_HAL_Driver/Src/stm32f4xx_ll_usb.o
                0x0000000008005174                USB_FlushTxFifo
 .text.USB_FlushRxFifo
                0x00000000080051dc       0x60 ./Drivers/STM32F4xx_HAL_Driver/Src/stm32f4xx_ll_usb.o
                0x00000000080051dc                USB_FlushRxFifo
 .text.USB_SetDevSpeed
                0x000000000800523c       0x32 ./Drivers/STM32F4xx_HAL_Driver/Src/stm32f4xx_ll_usb.o
                0x000000000800523c                USB_SetDevSpeed
 .text.USB_DevDisconnect
                0x000000000800526e       0x42 ./Drivers/STM32F4xx_HAL_Driver/Src/stm32f4xx_ll_usb.o
                0x000000000800526e                USB_DevDisconnect
 .text.USB_GetMode
                0x00000000080052b0       0x1c ./Drivers/STM32F4xx_HAL_Driver/Src/stm32f4xx_ll_usb.o
                0x00000000080052b0                USB_GetMode
 .text.USB_CoreReset
                0x00000000080052cc       0x68 ./Drivers/STM32F4xx_HAL_Driver/Src/stm32f4xx_ll_usb.o
 .text.memset   0x0000000008005334       0x10 C:/ST/STM32CubeIDE_1.12.0/STM32CubeIDE/plugins/com.st.stm32cube.ide.mcu.externaltools.gnu-tools-for-stm32.11.3.rel1.win32_1.1.1.202309131626/tools/bin/../lib/gcc/arm-none-eabi/11.3.1/../../../../arm-none-eabi/lib/thumb/v7e-m+fp/hard\libc_nano.a(libc_a-memset.o)
                0x0000000008005334                memset
 .text.__libc_init_array
                0x0000000008005344       0x48 C:/ST/STM32CubeIDE_1.12.0/STM32CubeIDE/plugins/com.st.stm32cube.ide.mcu.externaltools.gnu-tools-for-stm32.11.3.rel1.win32_1.1.1.202309131626/tools/bin/../lib/gcc/arm-none-eabi/11.3.1/../../../../arm-none-eabi/lib/thumb/v7e-m+fp/hard\libc_nano.a(libc_a-init.o)
                0x0000000008005344                __libc_init_array
 *(.glue_7)
 .glue_7        0x000000000800538c        0x0 linker stubs
 *(.glue_7t)
 .glue_7t       0x000000000800538c        0x0 linker stubs
 *(.eh_frame)
 .eh_frame      0x000000000800538c        0x0 C:/ST/STM32CubeIDE_1.12.0/STM32CubeIDE/plugins/com.st.stm32cube.ide.mcu.externaltools.gnu-tools-for-stm32.11.3.rel1.win32_1.1.1.202309131626/tools/bin/../lib/gcc/arm-none-eabi/11.3.1/thumb/v7e-m+fp/hard/crtbegin.o
 *(.init)
 .init          0x000000000800538c        0x4 C:/ST/STM32CubeIDE_1.12.0/STM32CubeIDE/plugins/com.st.stm32cube.ide.mcu.externaltools.gnu-tools-for-stm32.11.3.rel1.win32_1.1.1.202309131626/tools/bin/../lib/gcc/arm-none-eabi/11.3.1/thumb/v7e-m+fp/hard/crti.o
                0x000000000800538c                _init
 .init          0x0000000008005390        0x8 C:/ST/STM32CubeIDE_1.12.0/STM32CubeIDE/plugins/com.st.stm32cube.ide.mcu.externaltools.gnu-tools-for-stm32.11.3.rel1.win32_1.1.1.202309131626/tools/bin/../lib/gcc/arm-none-eabi/11.3.1/thumb/v7e-m+fp/hard/crtn.o
 *(.fini)
 .fini          0x0000000008005398        0x4 C:/ST/STM32CubeIDE_1.12.0/STM32CubeIDE/plugins/com.st.stm32cube.ide.mcu.externaltools.gnu-tools-for-stm32.11.3.rel1.win32_1.1.1.202309131626/tools/bin/../lib/gcc/arm-none-eabi/11.3.1/thumb/v7e-m+fp/hard/crti.o
                0x0000000008005398                _fini
 .fini          0x000000000800539c        0x8 C:/ST/STM32CubeIDE_1.12.0/STM32CubeIDE/plugins/com.st.stm32cube.ide.mcu.externaltools.gnu-tools-for-stm32.11.3.rel1.win32_1.1.1.202309131626/tools/bin/../lib/gcc/arm-none-eabi/11.3.1/thumb/v7e-m+fp/hard/crtn.o
                0x00000000080053a4                . = ALIGN (0x4)
                0x00000000080053a4                _etext = .

.vfp11_veneer   0x00000000080053a4        0x0
 .vfp11_veneer  0x00000000080053a4        0x0 linker stubs

.v4_bx          0x00000000080053a4        0x0
 .v4_bx         0x00000000080053a4        0x0 linker stubs

.iplt           0x00000000080053a4        0x0
 .iplt          0x00000000080053a4        0x0 C:/ST/STM32CubeIDE_1.12.0/STM32CubeIDE/plugins/com.st.stm32cube.ide.mcu.externaltools.gnu-tools-for-stm32.11.3.rel1.win32_1.1.1.202309131626/tools/bin/../lib/gcc/arm-none-eabi/11.3.1/thumb/v7e-m+fp/hard/crtbegin.o

.rodata         0x00000000080053a4       0x20
                0x00000000080053a4                . = ALIGN (0x4)
 *(.rodata)
 *(.rodata*)
 .rodata.AHBPrescTable
                0x00000000080053a4       0x10 ./Core/Src/system_stm32f4xx.o
                0x00000000080053a4                AHBPrescTable
 .rodata.APBPrescTable
                0x00000000080053b4        0x8 ./Core/Src/system_stm32f4xx.o
                0x00000000080053b4                APBPrescTable
 .rodata.flagBitshiftOffset.0
                0x00000000080053bc        0x8 ./Drivers/STM32F4xx_HAL_Driver/Src/stm32f4xx_hal_dma.o
                0x00000000080053c4                . = ALIGN (0x4)

.ARM.extab      0x00000000080053c4        0x0
                0x00000000080053c4                . = ALIGN (0x4)
 *(.ARM.extab* .gnu.linkonce.armextab.*)
                0x00000000080053c4                . = ALIGN (0x4)

.ARM            0x00000000080053c4        0x8
                0x00000000080053c4                . = ALIGN (0x4)
                0x00000000080053c4                __exidx_start = .
 *(.ARM.exidx*)
 .ARM.exidx     0x00000000080053c4        0x8 C:/ST/STM32CubeIDE_1.12.0/STM32CubeIDE/plugins/com.st.stm32cube.ide.mcu.externaltools.gnu-tools-for-stm32.11.3.rel1.win32_1.1.1.202309131626/tools/bin/../lib/gcc/arm-none-eabi/11.3.1/thumb/v7e-m+fp/hard\libgcc.a(_udivmoddi4.o)
                0x00000000080053cc                __exidx_end = .
                0x00000000080053cc                . = ALIGN (0x4)

.rel.dyn        0x00000000080053cc        0x0
 .rel.iplt      0x00000000080053cc        0x0 C:/ST/STM32CubeIDE_1.12.0/STM32CubeIDE/plugins/com.st.stm32cube.ide.mcu.externaltools.gnu-tools-for-stm32.11.3.rel1.win32_1.1.1.202309131626/tools/bin/../lib/gcc/arm-none-eabi/11.3.1/thumb/v7e-m+fp/hard/crtbegin.o

.preinit_array  0x00000000080053cc        0x0
                0x00000000080053cc                . = ALIGN (0x4)
                0x00000000080053cc                PROVIDE (__preinit_array_start = .)
 *(.preinit_array*)
                0x00000000080053cc                PROVIDE (__preinit_array_end = .)
                0x00000000080053cc                . = ALIGN (0x4)

.init_array     0x00000000080053cc        0x4
                0x00000000080053cc                . = ALIGN (0x4)
                0x00000000080053cc                PROVIDE (__init_array_start = .)
 *(SORT_BY_NAME(.init_array.*))
 *(.init_array*)
 .init_array    0x00000000080053cc        0x4 C:/ST/STM32CubeIDE_1.12.0/STM32CubeIDE/plugins/com.st.stm32cube.ide.mcu.externaltools.gnu-tools-for-stm32.11.3.rel1.win32_1.1.1.202309131626/tools/bin/../lib/gcc/arm-none-eabi/11.3.1/thumb/v7e-m+fp/hard/crtbegin.o
                0x00000000080053d0                PROVIDE (__init_array_end = .)
                0x00000000080053d0                . = ALIGN (0x4)

.fini_array     0x00000000080053d0        0x4
                0x00000000080053d0                . = ALIGN (0x4)
                [!provide]                        PROVIDE (__fini_array_start = .)
 *(SORT_BY_NAME(.fini_array.*))
 *(.fini_array*)
 .fini_array    0x00000000080053d0        0x4 C:/ST/STM32CubeIDE_1.12.0/STM32CubeIDE/plugins/com.st.stm32cube.ide.mcu.externaltools.gnu-tools-for-stm32.11.3.rel1.win32_1.1.1.202309131626/tools/bin/../lib/gcc/arm-none-eabi/11.3.1/thumb/v7e-m+fp/hard/crtbegin.o
                [!provide]                        PROVIDE (__fini_array_end = .)
                0x00000000080053d4                . = ALIGN (0x4)
                0x00000000080053d4                _sidata = LOADADDR (.data)

.data           0x0000000020000000        0xc load address 0x00000000080053d4
                0x0000000020000000                . = ALIGN (0x4)
                0x0000000020000000                _sdata = .
 *(.data)
 *(.data*)
 .data.SystemCoreClock
                0x0000000020000000        0x4 ./Core/Src/system_stm32f4xx.o
                0x0000000020000000                SystemCoreClock
 .data.uwTickPrio
                0x0000000020000004        0x4 ./Drivers/STM32F4xx_HAL_Driver/Src/stm32f4xx_hal.o
                0x0000000020000004                uwTickPrio
 .data.uwTickFreq
                0x0000000020000008        0x1 ./Drivers/STM32F4xx_HAL_Driver/Src/stm32f4xx_hal.o
                0x0000000020000008                uwTickFreq
 *(.RamFunc)
 *(.RamFunc*)
                0x000000002000000c                . = ALIGN (0x4)
 *fill*         0x0000000020000009        0x3 
                0x000000002000000c                _edata = .
                0x00000000080053e0                _siccmram = LOADADDR (.ccmram)

.igot.plt       0x000000002000000c        0x0 load address 0x00000000080053e0
 .igot.plt      0x000000002000000c        0x0 C:/ST/STM32CubeIDE_1.12.0/STM32CubeIDE/plugins/com.st.stm32cube.ide.mcu.externaltools.gnu-tools-for-stm32.11.3.rel1.win32_1.1.1.202309131626/tools/bin/../lib/gcc/arm-none-eabi/11.3.1/thumb/v7e-m+fp/hard/crtbegin.o

.ccmram         0x0000000010000000        0x0 load address 0x00000000080053e0
                0x0000000010000000                . = ALIGN (0x4)
                0x0000000010000000                _sccmram = .
 *(.ccmram)
 *(.ccmram*)
                0x0000000010000000                . = ALIGN (0x4)
                0x0000000010000000                _eccmram = .
                0x0000000010000000                . = ALIGN (0x4)

.bss            0x000000002000000c      0x938
                0x000000002000000c                _sbss = .
                0x000000002000000c                __bss_start__ = _sbss
 *(.bss)
 .bss           0x000000002000000c       0x1c C:/ST/STM32CubeIDE_1.12.0/STM32CubeIDE/plugins/com.st.stm32cube.ide.mcu.externaltools.gnu-tools-for-stm32.11.3.rel1.win32_1.1.1.202309131626/tools/bin/../lib/gcc/arm-none-eabi/11.3.1/thumb/v7e-m+fp/hard/crtbegin.o
 *(.bss*)
 .bss.DMARxDscrTab
                0x0000000020000028       0xa0 ./Core/Src/eth.o
                0x0000000020000028                DMARxDscrTab
 .bss.DMATxDscrTab
                0x00000000200000c8       0xa0 ./Core/Src/eth.o
                0x00000000200000c8                DMATxDscrTab
 .bss.TxConfig  0x0000000020000168       0x38 ./Core/Src/eth.o
                0x0000000020000168                TxConfig
 .bss.heth      0x00000000200001a0       0xb0 ./Core/Src/eth.o
                0x00000000200001a0                heth
 .bss.MACAddr.0
                0x0000000020000250        0x6 ./Core/Src/eth.o
 *fill*         0x0000000020000256        0x2 
 .bss.Parameters
                0x0000000020000258        0xc ./Core/Src/main.o
                0x0000000020000258                Parameters
 .bss.PowerStripIC
                0x0000000020000264       0x74 ./Core/Src/power_measurement.o
                0x0000000020000264                PowerStripIC
 .bss.DataInProgressFlag
                0x00000000200002d8        0x1 ./Core/Src/power_measurement.o
                0x00000000200002d8                DataInProgressFlag
 .bss.DataReceivedFlag
                0x00000000200002d9        0x1 ./Core/Src/power_measurement.o
                0x00000000200002d9                DataReceivedFlag
 *fill*         0x00000000200002da        0x2 
 .bss.LastTick_Timeout
                0x00000000200002dc        0x4 ./Core/Src/power_measurement.o
                0x00000000200002dc                LastTick_Timeout
 .bss.TimeoutRetries
                0x00000000200002e0        0x1 ./Core/Src/power_measurement.o
                0x00000000200002e0                TimeoutRetries
 .bss.NackRetries
                0x00000000200002e1        0x1 ./Core/Src/power_measurement.o
                0x00000000200002e1                NackRetries
 *fill*         0x00000000200002e2        0x2 
 .bss.LastTick_Delay.1
                0x00000000200002e4        0x4 ./Core/Src/power_measurement.o
 .bss.ReadOrder.0
                0x00000000200002e8        0x1 ./Core/Src/power_measurement.o
 *fill*         0x00000000200002e9        0x3 
 .bss.huart4    0x00000000200002ec       0x44 ./Core/Src/usart.o
                0x00000000200002ec                huart4
 .bss.huart3    0x0000000020000330       0x44 ./Core/Src/usart.o
                0x0000000020000330                huart3
 .bss.hdma_uart4_rx
                0x0000000020000374       0x60 ./Core/Src/usart.o
                0x0000000020000374                hdma_uart4_rx
 .bss.hdma_uart4_tx
                0x00000000200003d4       0x60 ./Core/Src/usart.o
                0x00000000200003d4                hdma_uart4_tx
 .bss.hpcd_USB_OTG_FS
                0x0000000020000434      0x50c ./Core/Src/usb_otg.o
                0x0000000020000434                hpcd_USB_OTG_FS
 .bss.uwTick    0x0000000020000940        0x4 ./Drivers/STM32F4xx_HAL_Driver/Src/stm32f4xx_hal.o
                0x0000000020000940                uwTick
 *(COMMON)
                0x0000000020000944                . = ALIGN (0x4)
                0x0000000020000944                _ebss = .
                0x0000000020000944                __bss_end__ = _ebss

._user_heap_stack
                0x0000000020000944      0x604
                0x0000000020000948                . = ALIGN (0x8)
 *fill*         0x0000000020000944        0x4 
                [!provide]                        PROVIDE (end = .)
                0x0000000020000948                PROVIDE (_end = .)
                0x0000000020000b48                . = (. + _Min_Heap_Size)
 *fill*         0x0000000020000948      0x200 
                0x0000000020000f48                . = (. + _Min_Stack_Size)
 *fill*         0x0000000020000b48      0x400 
                0x0000000020000f48                . = ALIGN (0x8)

/DISCARD/
 libc.a(*)
 libm.a(*)
 libgcc.a(*)

.ARM.attributes
                0x0000000000000000       0x30
 *(.ARM.attributes)
 .ARM.attributes
                0x0000000000000000       0x1e C:/ST/STM32CubeIDE_1.12.0/STM32CubeIDE/plugins/com.st.stm32cube.ide.mcu.externaltools.gnu-tools-for-stm32.11.3.rel1.win32_1.1.1.202309131626/tools/bin/../lib/gcc/arm-none-eabi/11.3.1/thumb/v7e-m+fp/hard/crti.o
 .ARM.attributes
                0x000000000000001e       0x34 C:/ST/STM32CubeIDE_1.12.0/STM32CubeIDE/plugins/com.st.stm32cube.ide.mcu.externaltools.gnu-tools-for-stm32.11.3.rel1.win32_1.1.1.202309131626/tools/bin/../lib/gcc/arm-none-eabi/11.3.1/thumb/v7e-m+fp/hard/crtbegin.o
 .ARM.attributes
                0x0000000000000052       0x34 ./Core/Src/dma.o
 .ARM.attributes
                0x0000000000000086       0x34 ./Core/Src/eth.o
 .ARM.attributes
                0x00000000000000ba       0x34 ./Core/Src/gpio.o
 .ARM.attributes
                0x00000000000000ee       0x34 ./Core/Src/main.o
 .ARM.attributes
                0x0000000000000122       0x34 ./Core/Src/mcp39f511n.o
 .ARM.attributes
                0x0000000000000156       0x34 ./Core/Src/power_measurement.o
 .ARM.attributes
                0x000000000000018a       0x34 ./Core/Src/stm32f4xx_hal_msp.o
 .ARM.attributes
                0x00000000000001be       0x34 ./Core/Src/stm32f4xx_it.o
 .ARM.attributes
                0x00000000000001f2       0x34 ./Core/Src/system_stm32f4xx.o
 .ARM.attributes
                0x0000000000000226       0x34 ./Core/Src/usart.o
 .ARM.attributes
                0x000000000000025a       0x34 ./Core/Src/usb_otg.o
 .ARM.attributes
                0x000000000000028e       0x21 ./Core/Startup/startup_stm32f429zitx.o
 .ARM.attributes
                0x00000000000002af       0x34 ./Drivers/STM32F4xx_HAL_Driver/Src/stm32f4xx_hal.o
 .ARM.attributes
                0x00000000000002e3       0x34 ./Drivers/STM32F4xx_HAL_Driver/Src/stm32f4xx_hal_cortex.o
 .ARM.attributes
                0x0000000000000317       0x34 ./Drivers/STM32F4xx_HAL_Driver/Src/stm32f4xx_hal_dma.o
 .ARM.attributes
                0x000000000000034b       0x34 ./Drivers/STM32F4xx_HAL_Driver/Src/stm32f4xx_hal_eth.o
 .ARM.attributes
                0x000000000000037f       0x34 ./Drivers/STM32F4xx_HAL_Driver/Src/stm32f4xx_hal_gpio.o
 .ARM.attributes
                0x00000000000003b3       0x34 ./Drivers/STM32F4xx_HAL_Driver/Src/stm32f4xx_hal_pcd.o
 .ARM.attributes
                0x00000000000003e7       0x34 ./Drivers/STM32F4xx_HAL_Driver/Src/stm32f4xx_hal_rcc.o
 .ARM.attributes
                0x000000000000041b       0x34 ./Drivers/STM32F4xx_HAL_Driver/Src/stm32f4xx_hal_uart.o
 .ARM.attributes
                0x000000000000044f       0x34 ./Drivers/STM32F4xx_HAL_Driver/Src/stm32f4xx_ll_usb.o
 .ARM.attributes
                0x0000000000000483       0x34 C:/ST/STM32CubeIDE_1.12.0/STM32CubeIDE/plugins/com.st.stm32cube.ide.mcu.externaltools.gnu-tools-for-stm32.11.3.rel1.win32_1.1.1.202309131626/tools/bin/../lib/gcc/arm-none-eabi/11.3.1/../../../../arm-none-eabi/lib/thumb/v7e-m+fp/hard\libc_nano.a(libc_a-memset.o)
 .ARM.attributes
                0x00000000000004b7       0x34 C:/ST/STM32CubeIDE_1.12.0/STM32CubeIDE/plugins/com.st.stm32cube.ide.mcu.externaltools.gnu-tools-for-stm32.11.3.rel1.win32_1.1.1.202309131626/tools/bin/../lib/gcc/arm-none-eabi/11.3.1/../../../../arm-none-eabi/lib/thumb/v7e-m+fp/hard\libc_nano.a(libc_a-init.o)
 .ARM.attributes
                0x00000000000004eb       0x1e C:/ST/STM32CubeIDE_1.12.0/STM32CubeIDE/plugins/com.st.stm32cube.ide.mcu.externaltools.gnu-tools-for-stm32.11.3.rel1.win32_1.1.1.202309131626/tools/bin/../lib/gcc/arm-none-eabi/11.3.1/thumb/v7e-m+fp/hard\libgcc.a(_aeabi_uldivmod.o)
 .ARM.attributes
                0x0000000000000509       0x34 C:/ST/STM32CubeIDE_1.12.0/STM32CubeIDE/plugins/com.st.stm32cube.ide.mcu.externaltools.gnu-tools-for-stm32.11.3.rel1.win32_1.1.1.202309131626/tools/bin/../lib/gcc/arm-none-eabi/11.3.1/thumb/v7e-m+fp/hard\libgcc.a(_udivmoddi4.o)
 .ARM.attributes
                0x000000000000053d       0x1e C:/ST/STM32CubeIDE_1.12.0/STM32CubeIDE/plugins/com.st.stm32cube.ide.mcu.externaltools.gnu-tools-for-stm32.11.3.rel1.win32_1.1.1.202309131626/tools/bin/../lib/gcc/arm-none-eabi/11.3.1/thumb/v7e-m+fp/hard\libgcc.a(_dvmd_tls.o)
 .ARM.attributes
                0x000000000000055b       0x1e C:/ST/STM32CubeIDE_1.12.0/STM32CubeIDE/plugins/com.st.stm32cube.ide.mcu.externaltools.gnu-tools-for-stm32.11.3.rel1.win32_1.1.1.202309131626/tools/bin/../lib/gcc/arm-none-eabi/11.3.1/thumb/v7e-m+fp/hard/crtn.o
OUTPUT(MCP39F511_Testing.elf elf32-littlearm)
LOAD linker stubs
LOAD C:/ST/STM32CubeIDE_1.12.0/STM32CubeIDE/plugins/com.st.stm32cube.ide.mcu.externaltools.gnu-tools-for-stm32.11.3.rel1.win32_1.1.1.202309131626/tools/bin/../lib/gcc/arm-none-eabi/11.3.1/../../../../arm-none-eabi/lib/thumb/v7e-m+fp/hard\libc.a
LOAD C:/ST/STM32CubeIDE_1.12.0/STM32CubeIDE/plugins/com.st.stm32cube.ide.mcu.externaltools.gnu-tools-for-stm32.11.3.rel1.win32_1.1.1.202309131626/tools/bin/../lib/gcc/arm-none-eabi/11.3.1/../../../../arm-none-eabi/lib/thumb/v7e-m+fp/hard\libm.a
LOAD C:/ST/STM32CubeIDE_1.12.0/STM32CubeIDE/plugins/com.st.stm32cube.ide.mcu.externaltools.gnu-tools-for-stm32.11.3.rel1.win32_1.1.1.202309131626/tools/bin/../lib/gcc/arm-none-eabi/11.3.1/thumb/v7e-m+fp/hard\libgcc.a

.comment        0x0000000000000000       0x43
 .comment       0x0000000000000000       0x43 C:/ST/STM32CubeIDE_1.12.0/STM32CubeIDE/plugins/com.st.stm32cube.ide.mcu.externaltools.gnu-tools-for-stm32.11.3.rel1.win32_1.1.1.202309131626/tools/bin/../lib/gcc/arm-none-eabi/11.3.1/thumb/v7e-m+fp/hard/crtbegin.o
                                         0x44 (size before relaxing)
 .comment       0x0000000000000043       0x44 ./Core/Src/dma.o
 .comment       0x0000000000000043       0x44 ./Core/Src/eth.o
 .comment       0x0000000000000043       0x44 ./Core/Src/gpio.o
 .comment       0x0000000000000043       0x44 ./Core/Src/main.o
 .comment       0x0000000000000043       0x44 ./Core/Src/mcp39f511n.o
 .comment       0x0000000000000043       0x44 ./Core/Src/power_measurement.o
 .comment       0x0000000000000043       0x44 ./Core/Src/stm32f4xx_hal_msp.o
 .comment       0x0000000000000043       0x44 ./Core/Src/stm32f4xx_it.o
 .comment       0x0000000000000043       0x44 ./Core/Src/system_stm32f4xx.o
 .comment       0x0000000000000043       0x44 ./Core/Src/usart.o
 .comment       0x0000000000000043       0x44 ./Core/Src/usb_otg.o
 .comment       0x0000000000000043       0x44 ./Drivers/STM32F4xx_HAL_Driver/Src/stm32f4xx_hal.o
 .comment       0x0000000000000043       0x44 ./Drivers/STM32F4xx_HAL_Driver/Src/stm32f4xx_hal_cortex.o
 .comment       0x0000000000000043       0x44 ./Drivers/STM32F4xx_HAL_Driver/Src/stm32f4xx_hal_dma.o
 .comment       0x0000000000000043       0x44 ./Drivers/STM32F4xx_HAL_Driver/Src/stm32f4xx_hal_eth.o
 .comment       0x0000000000000043       0x44 ./Drivers/STM32F4xx_HAL_Driver/Src/stm32f4xx_hal_gpio.o
 .comment       0x0000000000000043       0x44 ./Drivers/STM32F4xx_HAL_Driver/Src/stm32f4xx_hal_pcd.o
 .comment       0x0000000000000043       0x44 ./Drivers/STM32F4xx_HAL_Driver/Src/stm32f4xx_hal_rcc.o
 .comment       0x0000000000000043       0x44 ./Drivers/STM32F4xx_HAL_Driver/Src/stm32f4xx_hal_uart.o
 .comment       0x0000000000000043       0x44 ./Drivers/STM32F4xx_HAL_Driver/Src/stm32f4xx_ll_usb.o

.debug_info     0x0000000000000000    0x108b1
 .debug_info    0x0000000000000000      0x268 ./Core/Src/dma.o
 .debug_info    0x0000000000000268      0xf3c ./Core/Src/eth.o
 .debug_info    0x00000000000011a4      0x459 ./Core/Src/gpio.o
 .debug_info    0x00000000000015fd      0xd2e ./Core/Src/main.o
 .debug_info    0x000000000000232b      0xb5a ./Core/Src/mcp39f511n.o
 .debug_info    0x0000000000002e85      0x84f ./Core/Src/power_measurement.o
 .debug_info    0x00000000000036d4      0x281 ./Core/Src/stm32f4xx_hal_msp.o
 .debug_info    0x0000000000003955      0x685 ./Core/Src/stm32f4xx_it.o
 .debug_info    0x0000000000003fda      0x52e ./Core/Src/system_stm32f4xx.o
 .debug_info    0x0000000000004508      0xc36 ./Core/Src/usart.o
 .debug_info    0x000000000000513e      0x933 ./Core/Src/usb_otg.o
 .debug_info    0x0000000000005a71       0x23 ./Core/Startup/startup_stm32f429zitx.o
 .debug_info    0x0000000000005a94      0x9be ./Drivers/STM32F4xx_HAL_Driver/Src/stm32f4xx_hal.o
 .debug_info    0x0000000000006452      0xd7c ./Drivers/STM32F4xx_HAL_Driver/Src/stm32f4xx_hal_cortex.o
 .debug_info    0x00000000000071ce      0x8e7 ./Drivers/STM32F4xx_HAL_Driver/Src/stm32f4xx_hal_dma.o
 .debug_info    0x0000000000007ab5     0x2069 ./Drivers/STM32F4xx_HAL_Driver/Src/stm32f4xx_hal_eth.o
 .debug_info    0x0000000000009b1e      0x6db ./Drivers/STM32F4xx_HAL_Driver/Src/stm32f4xx_hal_gpio.o
 .debug_info    0x000000000000a1f9     0x1541 ./Drivers/STM32F4xx_HAL_Driver/Src/stm32f4xx_hal_pcd.o
 .debug_info    0x000000000000b73a      0x8c9 ./Drivers/STM32F4xx_HAL_Driver/Src/stm32f4xx_hal_rcc.o
 .debug_info    0x000000000000c003     0x2fb8 ./Drivers/STM32F4xx_HAL_Driver/Src/stm32f4xx_hal_uart.o
 .debug_info    0x000000000000efbb     0x18f6 ./Drivers/STM32F4xx_HAL_Driver/Src/stm32f4xx_ll_usb.o

.debug_abbrev   0x0000000000000000     0x2aab
 .debug_abbrev  0x0000000000000000       0xcb ./Core/Src/dma.o
 .debug_abbrev  0x00000000000000cb      0x249 ./Core/Src/eth.o
 .debug_abbrev  0x0000000000000314      0x152 ./Core/Src/gpio.o
 .debug_abbrev  0x0000000000000466      0x288 ./Core/Src/main.o
 .debug_abbrev  0x00000000000006ee      0x266 ./Core/Src/mcp39f511n.o
 .debug_abbrev  0x0000000000000954      0x1df ./Core/Src/power_measurement.o
 .debug_abbrev  0x0000000000000b33       0xd8 ./Core/Src/stm32f4xx_hal_msp.o
 .debug_abbrev  0x0000000000000c0b      0x18b ./Core/Src/stm32f4xx_it.o
 .debug_abbrev  0x0000000000000d96      0x11a ./Core/Src/system_stm32f4xx.o
 .debug_abbrev  0x0000000000000eb0      0x232 ./Core/Src/usart.o
 .debug_abbrev  0x00000000000010e2      0x219 ./Core/Src/usb_otg.o
 .debug_abbrev  0x00000000000012fb       0x12 ./Core/Startup/startup_stm32f429zitx.o
 .debug_abbrev  0x000000000000130d      0x213 ./Drivers/STM32F4xx_HAL_Driver/Src/stm32f4xx_hal.o
 .debug_abbrev  0x0000000000001520      0x327 ./Drivers/STM32F4xx_HAL_Driver/Src/stm32f4xx_hal_cortex.o
 .debug_abbrev  0x0000000000001847      0x264 ./Drivers/STM32F4xx_HAL_Driver/Src/stm32f4xx_hal_dma.o
 .debug_abbrev  0x0000000000001aab      0x2ec ./Drivers/STM32F4xx_HAL_Driver/Src/stm32f4xx_hal_eth.o
 .debug_abbrev  0x0000000000001d97      0x1d4 ./Drivers/STM32F4xx_HAL_Driver/Src/stm32f4xx_hal_gpio.o
 .debug_abbrev  0x0000000000001f6b      0x2d0 ./Drivers/STM32F4xx_HAL_Driver/Src/stm32f4xx_hal_pcd.o
 .debug_abbrev  0x000000000000223b      0x2b6 ./Drivers/STM32F4xx_HAL_Driver/Src/stm32f4xx_hal_rcc.o
 .debug_abbrev  0x00000000000024f1      0x30e ./Drivers/STM32F4xx_HAL_Driver/Src/stm32f4xx_hal_uart.o
 .debug_abbrev  0x00000000000027ff      0x2ac ./Drivers/STM32F4xx_HAL_Driver/Src/stm32f4xx_ll_usb.o

.debug_aranges  0x0000000000000000      0xd30
 .debug_aranges
                0x0000000000000000       0x20 ./Core/Src/dma.o
 .debug_aranges
                0x0000000000000020       0x30 ./Core/Src/eth.o
 .debug_aranges
                0x0000000000000050       0x20 ./Core/Src/gpio.o
 .debug_aranges
                0x0000000000000070       0x40 ./Core/Src/main.o
 .debug_aranges
                0x00000000000000b0       0xa8 ./Core/Src/mcp39f511n.o
 .debug_aranges
                0x0000000000000158       0x30 ./Core/Src/power_measurement.o
 .debug_aranges
                0x0000000000000188       0x20 ./Core/Src/stm32f4xx_hal_msp.o
 .debug_aranges
                0x00000000000001a8       0x80 ./Core/Src/stm32f4xx_it.o
 .debug_aranges
                0x0000000000000228       0x28 ./Core/Src/system_stm32f4xx.o
 .debug_aranges
                0x0000000000000250       0x38 ./Core/Src/usart.o
 .debug_aranges
                0x0000000000000288       0x30 ./Core/Src/usb_otg.o
 .debug_aranges
                0x00000000000002b8       0x28 ./Core/Startup/startup_stm32f429zitx.o
 .debug_aranges
                0x00000000000002e0      0x100 ./Drivers/STM32F4xx_HAL_Driver/Src/stm32f4xx_hal.o
 .debug_aranges
                0x00000000000003e0      0x118 ./Drivers/STM32F4xx_HAL_Driver/Src/stm32f4xx_hal_cortex.o
 .debug_aranges
                0x00000000000004f8       0x90 ./Drivers/STM32F4xx_HAL_Driver/Src/stm32f4xx_hal_dma.o
 .debug_aranges
                0x0000000000000588      0x1e0 ./Drivers/STM32F4xx_HAL_Driver/Src/stm32f4xx_hal_eth.o
 .debug_aranges
                0x0000000000000768       0x58 ./Drivers/STM32F4xx_HAL_Driver/Src/stm32f4xx_hal_gpio.o
 .debug_aranges
                0x00000000000007c0      0x148 ./Drivers/STM32F4xx_HAL_Driver/Src/stm32f4xx_hal_pcd.o
 .debug_aranges
                0x0000000000000908       0x88 ./Drivers/STM32F4xx_HAL_Driver/Src/stm32f4xx_hal_rcc.o
 .debug_aranges
                0x0000000000000990      0x200 ./Drivers/STM32F4xx_HAL_Driver/Src/stm32f4xx_hal_uart.o
 .debug_aranges
                0x0000000000000b90      0x1a0 ./Drivers/STM32F4xx_HAL_Driver/Src/stm32f4xx_ll_usb.o

.debug_rnglists
                0x0000000000000000      0xa0f
 .debug_rnglists
                0x0000000000000000       0x13 ./Core/Src/dma.o
 .debug_rnglists
                0x0000000000000013       0x21 ./Core/Src/eth.o
 .debug_rnglists
                0x0000000000000034       0x14 ./Core/Src/gpio.o
 .debug_rnglists
                0x0000000000000048       0x2c ./Core/Src/main.o
 .debug_rnglists
                0x0000000000000074       0x7e ./Core/Src/mcp39f511n.o
 .debug_rnglists
                0x00000000000000f2       0x20 ./Core/Src/power_measurement.o
 .debug_rnglists
                0x0000000000000112       0x13 ./Core/Src/stm32f4xx_hal_msp.o
 .debug_rnglists
                0x0000000000000125       0x5b ./Core/Src/stm32f4xx_it.o
 .debug_rnglists
                0x0000000000000180       0x1a ./Core/Src/system_stm32f4xx.o
 .debug_rnglists
                0x000000000000019a       0x27 ./Core/Src/usart.o
 .debug_rnglists
                0x00000000000001c1       0x20 ./Core/Src/usb_otg.o
 .debug_rnglists
                0x00000000000001e1       0x19 ./Core/Startup/startup_stm32f429zitx.o
 .debug_rnglists
                0x00000000000001fa       0xbb ./Drivers/STM32F4xx_HAL_Driver/Src/stm32f4xx_hal.o
 .debug_rnglists
                0x00000000000002b5       0xce ./Drivers/STM32F4xx_HAL_Driver/Src/stm32f4xx_hal_cortex.o
 .debug_rnglists
                0x0000000000000383       0x70 ./Drivers/STM32F4xx_HAL_Driver/Src/stm32f4xx_hal_dma.o
 .debug_rnglists
                0x00000000000003f3      0x17c ./Drivers/STM32F4xx_HAL_Driver/Src/stm32f4xx_hal_eth.o
 .debug_rnglists
                0x000000000000056f       0x3f ./Drivers/STM32F4xx_HAL_Driver/Src/stm32f4xx_hal_gpio.o
 .debug_rnglists
                0x00000000000005ae       0xfc ./Drivers/STM32F4xx_HAL_Driver/Src/stm32f4xx_hal_pcd.o
 .debug_rnglists
                0x00000000000006aa       0x66 ./Drivers/STM32F4xx_HAL_Driver/Src/stm32f4xx_hal_rcc.o
 .debug_rnglists
                0x0000000000000710      0x1b7 ./Drivers/STM32F4xx_HAL_Driver/Src/stm32f4xx_hal_uart.o
 .debug_rnglists
                0x00000000000008c7      0x148 ./Drivers/STM32F4xx_HAL_Driver/Src/stm32f4xx_ll_usb.o

.debug_macro    0x0000000000000000    0x251f4
 .debug_macro   0x0000000000000000      0x201 ./Core/Src/dma.o
 .debug_macro   0x0000000000000201      0xaa8 ./Core/Src/dma.o
 .debug_macro   0x0000000000000ca9      0x2af ./Core/Src/dma.o
 .debug_macro   0x0000000000000f58       0x2e ./Core/Src/dma.o
 .debug_macro   0x0000000000000f86       0x28 ./Core/Src/dma.o
 .debug_macro   0x0000000000000fae       0x22 ./Core/Src/dma.o
 .debug_macro   0x0000000000000fd0       0x8e ./Core/Src/dma.o
 .debug_macro   0x000000000000105e       0x51 ./Core/Src/dma.o
 .debug_macro   0x00000000000010af      0x103 ./Core/Src/dma.o
 .debug_macro   0x00000000000011b2       0x6a ./Core/Src/dma.o
 .debug_macro   0x000000000000121c      0x1df ./Core/Src/dma.o
 .debug_macro   0x00000000000013fb       0x1c ./Core/Src/dma.o
 .debug_macro   0x0000000000001417       0x22 ./Core/Src/dma.o
 .debug_macro   0x0000000000001439       0xd9 ./Core/Src/dma.o
 .debug_macro   0x0000000000001512     0x102d ./Core/Src/dma.o
 .debug_macro   0x000000000000253f      0x11f ./Core/Src/dma.o
 .debug_macro   0x000000000000265e    0x17fc0 ./Core/Src/dma.o
 .debug_macro   0x000000000001a61e       0x6d ./Core/Src/dma.o
 .debug_macro   0x000000000001a68b     0x36f5 ./Core/Src/dma.o
 .debug_macro   0x000000000001dd80      0x174 ./Core/Src/dma.o
 .debug_macro   0x000000000001def4       0x5c ./Core/Src/dma.o
 .debug_macro   0x000000000001df50      0xca5 ./Core/Src/dma.o
 .debug_macro   0x000000000001ebf5      0x9fe ./Core/Src/dma.o
 .debug_macro   0x000000000001f5f3      0x115 ./Core/Src/dma.o
 .debug_macro   0x000000000001f708      0x156 ./Core/Src/dma.o
 .debug_macro   0x000000000001f85e       0xa5 ./Core/Src/dma.o
 .debug_macro   0x000000000001f903      0x182 ./Core/Src/dma.o
 .debug_macro   0x000000000001fa85      0x287 ./Core/Src/dma.o
 .debug_macro   0x000000000001fd0c       0x5f ./Core/Src/dma.o
 .debug_macro   0x000000000001fd6b      0x236 ./Core/Src/dma.o
 .debug_macro   0x000000000001ffa1      0xd44 ./Core/Src/dma.o
 .debug_macro   0x0000000000020ce5      0x132 ./Core/Src/dma.o
 .debug_macro   0x0000000000020e17      0x41d ./Core/Src/dma.o
 .debug_macro   0x0000000000021234       0x2e ./Core/Src/dma.o
 .debug_macro   0x0000000000021262      0x11a ./Core/Src/dma.o
 .debug_macro   0x000000000002137c       0xe2 ./Core/Src/dma.o
 .debug_macro   0x000000000002145e       0x89 ./Core/Src/dma.o
 .debug_macro   0x00000000000214e7      0x295 ./Core/Src/dma.o
 .debug_macro   0x000000000002177c      0x248 ./Core/Src/dma.o
 .debug_macro   0x00000000000219c4       0xba ./Core/Src/dma.o
 .debug_macro   0x0000000000021a7e      0x134 ./Core/Src/dma.o
 .debug_macro   0x0000000000021bb2      0x136 ./Core/Src/dma.o
 .debug_macro   0x0000000000021ce8      0x2cf ./Core/Src/eth.o
 .debug_macro   0x0000000000021fb7       0x61 ./Core/Src/eth.o
 .debug_macro   0x0000000000022018       0x2a ./Core/Src/eth.o
 .debug_macro   0x0000000000022042       0x43 ./Core/Src/eth.o
 .debug_macro   0x0000000000022085       0x34 ./Core/Src/eth.o
 .debug_macro   0x00000000000220b9       0x16 ./Core/Src/eth.o
 .debug_macro   0x00000000000220cf       0x43 ./Core/Src/eth.o
 .debug_macro   0x0000000000022112       0x34 ./Core/Src/eth.o
 .debug_macro   0x0000000000022146       0x10 ./Core/Src/eth.o
 .debug_macro   0x0000000000022156       0x58 ./Core/Src/eth.o
 .debug_macro   0x00000000000221ae       0x8e ./Core/Src/eth.o
 .debug_macro   0x000000000002223c       0x1c ./Core/Src/eth.o
 .debug_macro   0x0000000000022258      0x177 ./Core/Src/eth.o
 .debug_macro   0x00000000000223cf      0x369 ./Core/Src/eth.o
 .debug_macro   0x0000000000022738       0x10 ./Core/Src/eth.o
 .debug_macro   0x0000000000022748       0x35 ./Core/Src/eth.o
 .debug_macro   0x000000000002277d       0x20 ./Core/Src/eth.o
 .debug_macro   0x000000000002279d      0x201 ./Core/Src/gpio.o
 .debug_macro   0x000000000002299e      0x353 ./Core/Src/main.o
 .debug_macro   0x0000000000022cf1       0x16 ./Core/Src/main.o
 .debug_macro   0x0000000000022d07       0x10 ./Core/Src/main.o
 .debug_macro   0x0000000000022d17       0x16 ./Core/Src/main.o
 .debug_macro   0x0000000000022d2d       0x16 ./Core/Src/main.o
 .debug_macro   0x0000000000022d43      0x147 ./Core/Src/main.o
 .debug_macro   0x0000000000022e8a       0x16 ./Core/Src/main.o
 .debug_macro   0x0000000000022ea0      0x106 ./Core/Src/main.o
 .debug_macro   0x0000000000022fa6       0x16 ./Core/Src/main.o
 .debug_macro   0x0000000000022fbc      0x2d4 ./Core/Src/mcp39f511n.o
 .debug_macro   0x0000000000023290      0x2e3 ./Core/Src/power_measurement.o
 .debug_macro   0x0000000000023573      0x1f7 ./Core/Src/stm32f4xx_hal_msp.o
 .debug_macro   0x000000000002376a      0x201 ./Core/Src/stm32f4xx_it.o
 .debug_macro   0x000000000002396b      0x1e8 ./Core/Src/system_stm32f4xx.o
 .debug_macro   0x0000000000023b53      0x201 ./Core/Src/usart.o
 .debug_macro   0x0000000000023d54      0x201 ./Core/Src/usb_otg.o
 .debug_macro   0x0000000000023f55      0x248 ./Drivers/STM32F4xx_HAL_Driver/Src/stm32f4xx_hal.o
 .debug_macro   0x000000000002419d      0x1e8 ./Drivers/STM32F4xx_HAL_Driver/Src/stm32f4xx_hal_cortex.o
 .debug_macro   0x0000000000024385      0x1ee ./Drivers/STM32F4xx_HAL_Driver/Src/stm32f4xx_hal_dma.o
 .debug_macro   0x0000000000024573      0x2c2 ./Drivers/STM32F4xx_HAL_Driver/Src/stm32f4xx_hal_eth.o
 .debug_macro   0x0000000000024835      0x1ee ./Drivers/STM32F4xx_HAL_Driver/Src/stm32f4xx_hal_gpio.o
 .debug_macro   0x0000000000024a23      0x1f4 ./Drivers/STM32F4xx_HAL_Driver/Src/stm32f4xx_hal_pcd.o
 .debug_macro   0x0000000000024c17      0x20c ./Drivers/STM32F4xx_HAL_Driver/Src/stm32f4xx_hal_rcc.o
 .debug_macro   0x0000000000024e23      0x1e9 ./Drivers/STM32F4xx_HAL_Driver/Src/stm32f4xx_hal_uart.o
 .debug_macro   0x000000000002500c      0x1e8 ./Drivers/STM32F4xx_HAL_Driver/Src/stm32f4xx_ll_usb.o

.debug_line     0x0000000000000000    0x11a84
 .debug_line    0x0000000000000000      0x76d ./Core/Src/dma.o
 .debug_line    0x000000000000076d      0x983 ./Core/Src/eth.o
 .debug_line    0x00000000000010f0      0x7a7 ./Core/Src/gpio.o
 .debug_line    0x0000000000001897      0xa09 ./Core/Src/main.o
 .debug_line    0x00000000000022a0      0xef1 ./Core/Src/mcp39f511n.o
 .debug_line    0x0000000000003191      0x9eb ./Core/Src/power_measurement.o
 .debug_line    0x0000000000003b7c      0x773 ./Core/Src/stm32f4xx_hal_msp.o
 .debug_line    0x00000000000042ef      0x896 ./Core/Src/stm32f4xx_it.o
 .debug_line    0x0000000000004b85      0x7f5 ./Core/Src/system_stm32f4xx.o
 .debug_line    0x000000000000537a      0x896 ./Core/Src/usart.o
 .debug_line    0x0000000000005c10      0x7f0 ./Core/Src/usb_otg.o
 .debug_line    0x0000000000006400       0x7a ./Core/Startup/startup_stm32f429zitx.o
 .debug_line    0x000000000000647a      0xa91 ./Drivers/STM32F4xx_HAL_Driver/Src/stm32f4xx_hal.o
 .debug_line    0x0000000000006f0b      0xd0a ./Drivers/STM32F4xx_HAL_Driver/Src/stm32f4xx_hal_cortex.o
 .debug_line    0x0000000000007c15      0xfbf ./Drivers/STM32F4xx_HAL_Driver/Src/stm32f4xx_hal_dma.o
 .debug_line    0x0000000000008bd4     0x19ca ./Drivers/STM32F4xx_HAL_Driver/Src/stm32f4xx_hal_eth.o
 .debug_line    0x000000000000a59e      0xbf7 ./Drivers/STM32F4xx_HAL_Driver/Src/stm32f4xx_hal_gpio.o
 .debug_line    0x000000000000b195     0x1502 ./Drivers/STM32F4xx_HAL_Driver/Src/stm32f4xx_hal_pcd.o
 .debug_line    0x000000000000c697      0xdd4 ./Drivers/STM32F4xx_HAL_Driver/Src/stm32f4xx_hal_rcc.o
 .debug_line    0x000000000000d46b     0x2afd ./Drivers/STM32F4xx_HAL_Driver/Src/stm32f4xx_hal_uart.o
 .debug_line    0x000000000000ff68     0x1b1c ./Drivers/STM32F4xx_HAL_Driver/Src/stm32f4xx_ll_usb.o

.debug_str      0x0000000000000000    0xdaa87
 .debug_str     0x0000000000000000    0xd1d83 ./Core/Src/dma.o
                                      0xd1ff9 (size before relaxing)
 .debug_str     0x00000000000d1d83     0x386a ./Core/Src/eth.o
                                      0xd58d1 (size before relaxing)
 .debug_str     0x00000000000d55ed       0x68 ./Core/Src/gpio.o
                                      0xd20c7 (size before relaxing)
 .debug_str     0x00000000000d5655     0x164f ./Core/Src/main.o
                                      0xd68d4 (size before relaxing)
 .debug_str     0x00000000000d6ca4      0x354 ./Core/Src/mcp39f511n.o
                                      0xd5c6b (size before relaxing)
 .debug_str     0x00000000000d6ff8       0xbf ./Core/Src/power_measurement.o
                                      0xd5b68 (size before relaxing)
 .debug_str     0x00000000000d70b7       0x2c ./Core/Src/stm32f4xx_hal_msp.o
                                      0xd1ffc (size before relaxing)
 .debug_str     0x00000000000d70e3      0x17b ./Core/Src/stm32f4xx_it.o
                                      0xd2483 (size before relaxing)
 .debug_str     0x00000000000d725e       0xdb ./Core/Src/system_stm32f4xx.o
                                      0xd1bc9 (size before relaxing)
 .debug_str     0x00000000000d7339       0x88 ./Core/Src/usart.o
                                      0xd2b19 (size before relaxing)
 .debug_str     0x00000000000d73c1      0x3a4 ./Core/Src/usb_otg.o
                                      0xd2502 (size before relaxing)
 .debug_str     0x00000000000d7765       0x34 ./Core/Startup/startup_stm32f429zitx.o
                                         0x74 (size before relaxing)
 .debug_str     0x00000000000d7799      0x63c ./Drivers/STM32F4xx_HAL_Driver/Src/stm32f4xx_hal.o
                                      0xd27ec (size before relaxing)
 .debug_str     0x00000000000d7dd5      0x321 ./Drivers/STM32F4xx_HAL_Driver/Src/stm32f4xx_hal_cortex.o
                                      0xd24d1 (size before relaxing)
 .debug_str     0x00000000000d80f6      0x2e8 ./Drivers/STM32F4xx_HAL_Driver/Src/stm32f4xx_hal_dma.o
                                      0xd1fd0 (size before relaxing)
 .debug_str     0x00000000000d83de     0x11ea ./Drivers/STM32F4xx_HAL_Driver/Src/stm32f4xx_hal_eth.o
                                      0xd3456 (size before relaxing)
 .debug_str     0x00000000000d95c8       0xc8 ./Drivers/STM32F4xx_HAL_Driver/Src/stm32f4xx_hal_gpio.o
                                      0xd1d44 (size before relaxing)
 .debug_str     0x00000000000d9690      0x802 ./Drivers/STM32F4xx_HAL_Driver/Src/stm32f4xx_hal_pcd.o
                                      0xd2678 (size before relaxing)
 .debug_str     0x00000000000d9e92      0x21f ./Drivers/STM32F4xx_HAL_Driver/Src/stm32f4xx_hal_rcc.o
                                      0xd1ffd (size before relaxing)
 .debug_str     0x00000000000da0b1      0x597 ./Drivers/STM32F4xx_HAL_Driver/Src/stm32f4xx_hal_uart.o
                                      0xd2589 (size before relaxing)
 .debug_str     0x00000000000da648      0x43f ./Drivers/STM32F4xx_HAL_Driver/Src/stm32f4xx_ll_usb.o
                                      0xd24e0 (size before relaxing)

.debug_frame    0x0000000000000000     0x3588
 .debug_frame   0x0000000000000000       0x38 ./Core/Src/dma.o
 .debug_frame   0x0000000000000038       0x74 ./Core/Src/eth.o
 .debug_frame   0x00000000000000ac       0x34 ./Core/Src/gpio.o
 .debug_frame   0x00000000000000e0       0xa8 ./Core/Src/main.o
 .debug_frame   0x0000000000000188      0x2b0 ./Core/Src/mcp39f511n.o
 .debug_frame   0x0000000000000438       0x80 ./Core/Src/power_measurement.o
 .debug_frame   0x00000000000004b8       0x38 ./Core/Src/stm32f4xx_hal_msp.o
 .debug_frame   0x00000000000004f0      0x174 ./Core/Src/stm32f4xx_it.o
 .debug_frame   0x0000000000000664       0x58 ./Core/Src/system_stm32f4xx.o
 .debug_frame   0x00000000000006bc       0x90 ./Core/Src/usart.o
 .debug_frame   0x000000000000074c       0x74 ./Core/Src/usb_otg.o
 .debug_frame   0x00000000000007c0      0x3b4 ./Drivers/STM32F4xx_HAL_Driver/Src/stm32f4xx_hal.o
 .debug_frame   0x0000000000000b74      0x498 ./Drivers/STM32F4xx_HAL_Driver/Src/stm32f4xx_hal_cortex.o
 .debug_frame   0x000000000000100c      0x250 ./Drivers/STM32F4xx_HAL_Driver/Src/stm32f4xx_hal_dma.o
 .debug_frame   0x000000000000125c      0x898 ./Drivers/STM32F4xx_HAL_Driver/Src/stm32f4xx_hal_eth.o
 .debug_frame   0x0000000000001af4      0x14c ./Drivers/STM32F4xx_HAL_Driver/Src/stm32f4xx_hal_gpio.o
 .debug_frame   0x0000000000001c40      0x5bc ./Drivers/STM32F4xx_HAL_Driver/Src/stm32f4xx_hal_pcd.o
 .debug_frame   0x00000000000021fc      0x1f4 ./Drivers/STM32F4xx_HAL_Driver/Src/stm32f4xx_hal_rcc.o
 .debug_frame   0x00000000000023f0      0x92c ./Drivers/STM32F4xx_HAL_Driver/Src/stm32f4xx_hal_uart.o
 .debug_frame   0x0000000000002d1c      0x7c0 ./Drivers/STM32F4xx_HAL_Driver/Src/stm32f4xx_ll_usb.o
 .debug_frame   0x00000000000034dc       0x20 C:/ST/STM32CubeIDE_1.12.0/STM32CubeIDE/plugins/com.st.stm32cube.ide.mcu.externaltools.gnu-tools-for-stm32.11.3.rel1.win32_1.1.1.202309131626/tools/bin/../lib/gcc/arm-none-eabi/11.3.1/../../../../arm-none-eabi/lib/thumb/v7e-m+fp/hard\libc_nano.a(libc_a-memset.o)
 .debug_frame   0x00000000000034fc       0x2c C:/ST/STM32CubeIDE_1.12.0/STM32CubeIDE/plugins/com.st.stm32cube.ide.mcu.externaltools.gnu-tools-for-stm32.11.3.rel1.win32_1.1.1.202309131626/tools/bin/../lib/gcc/arm-none-eabi/11.3.1/../../../../arm-none-eabi/lib/thumb/v7e-m+fp/hard\libc_nano.a(libc_a-init.o)
 .debug_frame   0x0000000000003528       0x2c C:/ST/STM32CubeIDE_1.12.0/STM32CubeIDE/plugins/com.st.stm32cube.ide.mcu.externaltools.gnu-tools-for-stm32.11.3.rel1.win32_1.1.1.202309131626/tools/bin/../lib/gcc/arm-none-eabi/11.3.1/thumb/v7e-m+fp/hard\libgcc.a(_aeabi_uldivmod.o)
 .debug_frame   0x0000000000003554       0x34 C:/ST/STM32CubeIDE_1.12.0/STM32CubeIDE/plugins/com.st.stm32cube.ide.mcu.externaltools.gnu-tools-for-stm32.11.3.rel1.win32_1.1.1.202309131626/tools/bin/../lib/gcc/arm-none-eabi/11.3.1/thumb/v7e-m+fp/hard\libgcc.a(_udivmoddi4.o)

.debug_line_str
                0x0000000000000000       0x68
 .debug_line_str
                0x0000000000000000       0x68 ./Core/Startup/startup_stm32f429zitx.o
                                         0x80 (size before relaxing)
